---
source: tests/cmd_generate.rs
expression: value
---
--- .github/workflows/generated_build.yaml ---
name: Build
on:
  push:
    branches:
    - main
jobs:
  build:
    name: Build
    runs-on: ubuntu-latest
    steps:
    - id: step_0
      run: cargo build
--- .github/workflows/generated_test.yaml ---
name: Test
on:
  push:
    branches:
    - main
jobs:
  test:
    name: Test
    runs-on: ubuntu-latest
    steps:
    - id: step_0
      run: cargo test
--- .github/workflows/ghat_check.yaml ---
[268 bytes]
