---
source: tests/cmd_generate.rs
expression: output
---
exit_code: 1
---stderr---
    Checking workflow definitions
Error: 
  x type-check failed with 5 error(s)

Error: TS1005

  x TS1005: ';' expected.
   ,-[[ROOT]/.github/ghat/workflows/bad.ts:7:14]
 6 |       steps() {
 7 |         this is not valid javascript at all !!!
   :              ^^
 8 |       }
   `----
Error: TS1434

  x TS1434: Unexpected keyword or identifier.
   ,-[[ROOT]/.github/ghat/workflows/bad.ts:7:17]
 6 |       steps() {
 7 |         this is not valid javascript at all !!!
   :                 ^^^
 8 |       }
   `----
Error: TS1434

  x TS1434: Unexpected keyword or identifier.
   ,-[[ROOT]/.github/ghat/workflows/bad.ts:7:21]
 6 |       steps() {
 7 |         this is not valid javascript at all !!!
   :                     ^^^^^
 8 |       }
   `----
Error: TS1434

  x TS1434: Unexpected keyword or identifier.
   ,-[[ROOT]/.github/ghat/workflows/bad.ts:7:27]
 6 |       steps() {
 7 |         this is not valid javascript at all !!!
   :                           ^^^^^^^^^^
 8 |       }
   `----
Error: TS1434

  x TS1434: Unexpected keyword or identifier.
   ,-[[ROOT]/.github/ghat/workflows/bad.ts:7:38]
 6 |       steps() {
 7 |         this is not valid javascript at all !!!
   :                                      ^^
 8 |       }
   `----
