---
source: tests/cmd_generate.rs
expression: value
---
--- .github/workflows/generated_deploy.yaml ---
name: Deploy
on:
  workflow_dispatch:
    inputs:
      environment:
        description: Target environment
        type: choice
        required: true
        default: staging
        options:
        - staging
        - production
      dry_run:
        description: Perform a dry run
        type: boolean
        default: 'false'
jobs:
  deploy:
    name: Deploy
    runs-on: ubuntu-latest
    steps:
    - id: step_0
      run: echo ${{ inputs.environment }} ${{ inputs.dry_run }}
--- .github/workflows/ghat_check.yaml ---
name: ghat check
on:
  push:
  pull_request:
jobs:
  check:
    runs-on: ubuntu-latest
    steps:
      - uses: actions/checkout@v4
      - uses: taiki-e/install-action@v2
        with:
          tool: ghat
      - run: ghat generate
      - run: git diff --exit-code
