---
source: tests/cmd_generate_context.rs
expression: output
---
exit_code: 1
---stderr---
  Evaluating workflow definitions
Error: 
  x context 'secrets' is not available in 'runs_on' (available: github, needs, strategy, matrix, vars, inputs)
  | 
  | Stack trace:
  |     at get (eval_script:44:96)
  |     at runs_on (.github/ghat/workflows/bad.ts:5:1)
  |     at resolve_value (eval_script:64:41)
  |     at map_job (eval_script:347:33)
  |     at <anonymous> (eval_script:466:24)
  |     at jobs (.github/ghat/workflows/bad.ts:4:7)
  |     at workflow (eval_script:504:39)
  |     at <anonymous> (.github/ghat/workflows/bad.ts:2:6)
  |
