---
source: tests/cmd_generate.rs
expression: value
---
--- .github/workflows/generated_ci.yaml ---
name: CI
on:
  push:
    branches:
    - main
  pull_request:
    branches:
    - main
jobs:
  test:
    name: Test
    runs-on: ubuntu-latest
    steps:
    - id: step_0
      run: cargo test --all-features
--- .github/workflows/ghat_check.yaml ---
[268 bytes]
